// Jest Snapshot v1, https://goo.gl/fbAQLP

exports[`Dashboard component should be rendered 1`] = `
ShallowWrapper {
  "length": 1,
  Symbol(enzyme.__root__): [Circular],
  Symbol(enzyme.__unrendered__): <Dashboard
    history={
        Object {
            "push": [Function],
          }
    }
    user={[Function]}
/>,
  Symbol(enzyme.__renderer__): Object {
    "batchedUpdates": [Function],
    "getNode": [Function],
    "render": [Function],
    "simulateEvent": [Function],
    "unmount": [Function],
  },
  Symbol(enzyme.__node__): Object {
    "instance": null,
    "key": undefined,
    "nodeType": "host",
    "props": Object {
      "children": <Paper
        circle={false}
        className="common-paper"
        rounded={true}
        transitionEnabled={true}
        zDepth={2}
>
        <div>
                <h3>
                        Alarm: 
                        closed
                </h3>
                <ValidatorForm
                        name="alarmform"
                        onError={[Function]}
                        onSubmit={[Function]}
                >
                        <TextValidator
                                errorMessages={
                                        Array [
                                                "this field is required",
                                              ]
                                }
                                floatingLabelText="Latiutude"
                                id="latitude"
                                name="latitude"
                                onChange={[Function]}
                                validatorListener={[Function]}
                                validators={
                                        Array [
                                                "required",
                                              ]
                                }
                                value={37.0212334}
                        />
                        <br />
                        <TextValidator
                                errorMessages={
                                        Array [
                                                "this field is required",
                                              ]
                                }
                                floatingLabelText="Longitude"
                                id="longitude"
                                name="longitude"
                                onChange={[Function]}
                                validatorListener={[Function]}
                                validators={
                                        Array [
                                                "required",
                                              ]
                                }
                                value={-81.234235}
                        />
                        <br />
                        <RaisedButton
                                disabled={false}
                                fullWidth={false}
                                label="New Alarm"
                                labelPosition="after"
                                name="submitbutton"
                                primary={false}
                                secondary={false}
                                type="submit"
                        />
                </ValidatorForm>
        </div>
        <div
                className="common-paper-button-wrapper"
        >
                <RaisedButton
                        disabled={false}
                        fullWidth={false}
                        label="Update View"
                        labelPosition="after"
                        onClick={[Function]}
                        primary={false}
                        secondary={false}
                />
        </div>
</Paper>,
      "className": "container",
    },
    "ref": null,
    "rendered": Object {
      "instance": null,
      "key": undefined,
      "nodeType": "class",
      "props": Object {
        "children": Array [
          <div>
            <h3>
                        Alarm: 
                        closed
            </h3>
            <ValidatorForm
                        name="alarmform"
                        onError={[Function]}
                        onSubmit={[Function]}
            >
                        <TextValidator
                                    errorMessages={
                                                Array [
                                                            "this field is required",
                                                          ]
                                    }
                                    floatingLabelText="Latiutude"
                                    id="latitude"
                                    name="latitude"
                                    onChange={[Function]}
                                    validatorListener={[Function]}
                                    validators={
                                                Array [
                                                            "required",
                                                          ]
                                    }
                                    value={37.0212334}
                        />
                        <br />
                        <TextValidator
                                    errorMessages={
                                                Array [
                                                            "this field is required",
                                                          ]
                                    }
                                    floatingLabelText="Longitude"
                                    id="longitude"
                                    name="longitude"
                                    onChange={[Function]}
                                    validatorListener={[Function]}
                                    validators={
                                                Array [
                                                            "required",
                                                          ]
                                    }
                                    value={-81.234235}
                        />
                        <br />
                        <RaisedButton
                                    disabled={false}
                                    fullWidth={false}
                                    label="New Alarm"
                                    labelPosition="after"
                                    name="submitbutton"
                                    primary={false}
                                    secondary={false}
                                    type="submit"
                        />
            </ValidatorForm>
</div>,
          <div
            className="common-paper-button-wrapper"
>
            <RaisedButton
                        disabled={false}
                        fullWidth={false}
                        label="Update View"
                        labelPosition="after"
                        onClick={[Function]}
                        primary={false}
                        secondary={false}
            />
</div>,
        ],
        "circle": false,
        "className": "common-paper",
        "rounded": true,
        "transitionEnabled": true,
        "zDepth": 2,
      },
      "ref": null,
      "rendered": Array [
        Object {
          "instance": null,
          "key": undefined,
          "nodeType": "host",
          "props": Object {
            "children": Array [
              <h3>
                Alarm: 
                closed
</h3>,
              <ValidatorForm
                name="alarmform"
                onError={[Function]}
                onSubmit={[Function]}
>
                <TextValidator
                                errorMessages={
                                                Array [
                                                                "this field is required",
                                                              ]
                                }
                                floatingLabelText="Latiutude"
                                id="latitude"
                                name="latitude"
                                onChange={[Function]}
                                validatorListener={[Function]}
                                validators={
                                                Array [
                                                                "required",
                                                              ]
                                }
                                value={37.0212334}
                />
                <br />
                <TextValidator
                                errorMessages={
                                                Array [
                                                                "this field is required",
                                                              ]
                                }
                                floatingLabelText="Longitude"
                                id="longitude"
                                name="longitude"
                                onChange={[Function]}
                                validatorListener={[Function]}
                                validators={
                                                Array [
                                                                "required",
                                                              ]
                                }
                                value={-81.234235}
                />
                <br />
                <RaisedButton
                                disabled={false}
                                fullWidth={false}
                                label="New Alarm"
                                labelPosition="after"
                                name="submitbutton"
                                primary={false}
                                secondary={false}
                                type="submit"
                />
</ValidatorForm>,
            ],
          },
          "ref": null,
          "rendered": Array [
            Object {
              "instance": null,
              "key": undefined,
              "nodeType": "host",
              "props": Object {
                "children": Array [
                  "Alarm: ",
                  "closed",
                ],
              },
              "ref": null,
              "rendered": Array [
                "Alarm: ",
                "closed",
              ],
              "type": "h3",
            },
            Object {
              "instance": null,
              "key": undefined,
              "nodeType": "class",
              "props": Object {
                "children": Array [
                  <TextValidator
                    errorMessages={
                                        Array [
                                                            "this field is required",
                                                          ]
                    }
                    floatingLabelText="Latiutude"
                    id="latitude"
                    name="latitude"
                    onChange={[Function]}
                    validatorListener={[Function]}
                    validators={
                                        Array [
                                                            "required",
                                                          ]
                    }
                    value={37.0212334}
/>,
                  <br />,
                  <TextValidator
                    errorMessages={
                                        Array [
                                                            "this field is required",
                                                          ]
                    }
                    floatingLabelText="Longitude"
                    id="longitude"
                    name="longitude"
                    onChange={[Function]}
                    validatorListener={[Function]}
                    validators={
                                        Array [
                                                            "required",
                                                          ]
                    }
                    value={-81.234235}
/>,
                  <br />,
                  <RaisedButton
                    disabled={false}
                    fullWidth={false}
                    label="New Alarm"
                    labelPosition="after"
                    name="submitbutton"
                    primary={false}
                    secondary={false}
                    type="submit"
/>,
                ],
                "name": "alarmform",
                "onError": [Function],
                "onSubmit": [Function],
              },
              "ref": "form",
              "rendered": Array [
                Object {
                  "instance": null,
                  "key": undefined,
                  "nodeType": "class",
                  "props": Object {
                    "errorMessages": Array [
                      "this field is required",
                    ],
                    "floatingLabelText": "Latiutude",
                    "id": "latitude",
                    "name": "latitude",
                    "onChange": [Function],
                    "validatorListener": [Function],
                    "validators": Array [
                      "required",
                    ],
                    "value": 37.0212334,
                  },
                  "ref": null,
                  "rendered": null,
                  "type": [Function],
                },
                Object {
                  "instance": null,
                  "key": undefined,
                  "nodeType": "host",
                  "props": Object {},
                  "ref": null,
                  "rendered": null,
                  "type": "br",
                },
                Object {
                  "instance": null,
                  "key": undefined,
                  "nodeType": "class",
                  "props": Object {
                    "errorMessages": Array [
                      "this field is required",
                    ],
                    "floatingLabelText": "Longitude",
                    "id": "longitude",
                    "name": "longitude",
                    "onChange": [Function],
                    "validatorListener": [Function],
                    "validators": Array [
                      "required",
                    ],
                    "value": -81.234235,
                  },
                  "ref": null,
                  "rendered": null,
                  "type": [Function],
                },
                Object {
                  "instance": null,
                  "key": undefined,
                  "nodeType": "host",
                  "props": Object {},
                  "ref": null,
                  "rendered": null,
                  "type": "br",
                },
                Object {
                  "instance": null,
                  "key": undefined,
                  "nodeType": "class",
                  "props": Object {
                    "disabled": false,
                    "fullWidth": false,
                    "label": "New Alarm",
                    "labelPosition": "after",
                    "name": "submitbutton",
                    "primary": false,
                    "secondary": false,
                    "type": "submit",
                  },
                  "ref": null,
                  "rendered": null,
                  "type": [Function],
                },
              ],
              "type": [Function],
            },
          ],
          "type": "div",
        },
        Object {
          "instance": null,
          "key": undefined,
          "nodeType": "host",
          "props": Object {
            "children": <RaisedButton
              disabled={false}
              fullWidth={false}
              label="Update View"
              labelPosition="after"
              onClick={[Function]}
              primary={false}
              secondary={false}
/>,
            "className": "common-paper-button-wrapper",
          },
          "ref": null,
          "rendered": Object {
            "instance": null,
            "key": undefined,
            "nodeType": "class",
            "props": Object {
              "disabled": false,
              "fullWidth": false,
              "label": "Update View",
              "labelPosition": "after",
              "onClick": [Function],
              "primary": false,
              "secondary": false,
            },
            "ref": null,
            "rendered": null,
            "type": [Function],
          },
          "type": "div",
        },
      ],
      "type": [Function],
    },
    "type": "div",
  },
  Symbol(enzyme.__nodes__): Array [
    Object {
      "instance": null,
      "key": undefined,
      "nodeType": "host",
      "props": Object {
        "children": <Paper
          circle={false}
          className="common-paper"
          rounded={true}
          transitionEnabled={true}
          zDepth={2}
>
          <div>
                    <h3>
                              Alarm: 
                              closed
                    </h3>
                    <ValidatorForm
                              name="alarmform"
                              onError={[Function]}
                              onSubmit={[Function]}
                    >
                              <TextValidator
                                        errorMessages={
                                                  Array [
                                                            "this field is required",
                                                          ]
                                        }
                                        floatingLabelText="Latiutude"
                                        id="latitude"
                                        name="latitude"
                                        onChange={[Function]}
                                        validatorListener={[Function]}
                                        validators={
                                                  Array [
                                                            "required",
                                                          ]
                                        }
                                        value={37.0212334}
                              />
                              <br />
                              <TextValidator
                                        errorMessages={
                                                  Array [
                                                            "this field is required",
                                                          ]
                                        }
                                        floatingLabelText="Longitude"
                                        id="longitude"
                                        name="longitude"
                                        onChange={[Function]}
                                        validatorListener={[Function]}
                                        validators={
                                                  Array [
                                                            "required",
                                                          ]
                                        }
                                        value={-81.234235}
                              />
                              <br />
                              <RaisedButton
                                        disabled={false}
                                        fullWidth={false}
                                        label="New Alarm"
                                        labelPosition="after"
                                        name="submitbutton"
                                        primary={false}
                                        secondary={false}
                                        type="submit"
                              />
                    </ValidatorForm>
          </div>
          <div
                    className="common-paper-button-wrapper"
          >
                    <RaisedButton
                              disabled={false}
                              fullWidth={false}
                              label="Update View"
                              labelPosition="after"
                              onClick={[Function]}
                              primary={false}
                              secondary={false}
                    />
          </div>
</Paper>,
        "className": "container",
      },
      "ref": null,
      "rendered": Object {
        "instance": null,
        "key": undefined,
        "nodeType": "class",
        "props": Object {
          "children": Array [
            <div>
              <h3>
                            Alarm: 
                            closed
              </h3>
              <ValidatorForm
                            name="alarmform"
                            onError={[Function]}
                            onSubmit={[Function]}
              >
                            <TextValidator
                                          errorMessages={
                                                        Array [
                                                                      "this field is required",
                                                                    ]
                                          }
                                          floatingLabelText="Latiutude"
                                          id="latitude"
                                          name="latitude"
                                          onChange={[Function]}
                                          validatorListener={[Function]}
                                          validators={
                                                        Array [
                                                                      "required",
                                                                    ]
                                          }
                                          value={37.0212334}
                            />
                            <br />
                            <TextValidator
                                          errorMessages={
                                                        Array [
                                                                      "this field is required",
                                                                    ]
                                          }
                                          floatingLabelText="Longitude"
                                          id="longitude"
                                          name="longitude"
                                          onChange={[Function]}
                                          validatorListener={[Function]}
                                          validators={
                                                        Array [
                                                                      "required",
                                                                    ]
                                          }
                                          value={-81.234235}
                            />
                            <br />
                            <RaisedButton
                                          disabled={false}
                                          fullWidth={false}
                                          label="New Alarm"
                                          labelPosition="after"
                                          name="submitbutton"
                                          primary={false}
                                          secondary={false}
                                          type="submit"
                            />
              </ValidatorForm>
</div>,
            <div
              className="common-paper-button-wrapper"
>
              <RaisedButton
                            disabled={false}
                            fullWidth={false}
                            label="Update View"
                            labelPosition="after"
                            onClick={[Function]}
                            primary={false}
                            secondary={false}
              />
</div>,
          ],
          "circle": false,
          "className": "common-paper",
          "rounded": true,
          "transitionEnabled": true,
          "zDepth": 2,
        },
        "ref": null,
        "rendered": Array [
          Object {
            "instance": null,
            "key": undefined,
            "nodeType": "host",
            "props": Object {
              "children": Array [
                <h3>
                  Alarm: 
                  closed
</h3>,
                <ValidatorForm
                  name="alarmform"
                  onError={[Function]}
                  onSubmit={[Function]}
>
                  <TextValidator
                                    errorMessages={
                                                      Array [
                                                                        "this field is required",
                                                                      ]
                                    }
                                    floatingLabelText="Latiutude"
                                    id="latitude"
                                    name="latitude"
                                    onChange={[Function]}
                                    validatorListener={[Function]}
                                    validators={
                                                      Array [
                                                                        "required",
                                                                      ]
                                    }
                                    value={37.0212334}
                  />
                  <br />
                  <TextValidator
                                    errorMessages={
                                                      Array [
                                                                        "this field is required",
                                                                      ]
                                    }
                                    floatingLabelText="Longitude"
                                    id="longitude"
                                    name="longitude"
                                    onChange={[Function]}
                                    validatorListener={[Function]}
                                    validators={
                                                      Array [
                                                                        "required",
                                                                      ]
                                    }
                                    value={-81.234235}
                  />
                  <br />
                  <RaisedButton
                                    disabled={false}
                                    fullWidth={false}
                                    label="New Alarm"
                                    labelPosition="after"
                                    name="submitbutton"
                                    primary={false}
                                    secondary={false}
                                    type="submit"
                  />
</ValidatorForm>,
              ],
            },
            "ref": null,
            "rendered": Array [
              Object {
                "instance": null,
                "key": undefined,
                "nodeType": "host",
                "props": Object {
                  "children": Array [
                    "Alarm: ",
                    "closed",
                  ],
                },
                "ref": null,
                "rendered": Array [
                  "Alarm: ",
                  "closed",
                ],
                "type": "h3",
              },
              Object {
                "instance": null,
                "key": undefined,
                "nodeType": "class",
                "props": Object {
                  "children": Array [
                    <TextValidator
                      errorMessages={
                                            Array [
                                                                  "this field is required",
                                                                ]
                      }
                      floatingLabelText="Latiutude"
                      id="latitude"
                      name="latitude"
                      onChange={[Function]}
                      validatorListener={[Function]}
                      validators={
                                            Array [
                                                                  "required",
                                                                ]
                      }
                      value={37.0212334}
/>,
                    <br />,
                    <TextValidator
                      errorMessages={
                                            Array [
                                                                  "this field is required",
                                                                ]
                      }
                      floatingLabelText="Longitude"
                      id="longitude"
                      name="longitude"
                      onChange={[Function]}
                      validatorListener={[Function]}
                      validators={
                                            Array [
                                                                  "required",
                                                                ]
                      }
                      value={-81.234235}
/>,
                    <br />,
                    <RaisedButton
                      disabled={false}
                      fullWidth={false}
                      label="New Alarm"
                      labelPosition="after"
                      name="submitbutton"
                      primary={false}
                      secondary={false}
                      type="submit"
/>,
                  ],
                  "name": "alarmform",
                  "onError": [Function],
                  "onSubmit": [Function],
                },
                "ref": "form",
                "rendered": Array [
                  Object {
                    "instance": null,
                    "key": undefined,
                    "nodeType": "class",
                    "props": Object {
                      "errorMessages": Array [
                        "this field is required",
                      ],
                      "floatingLabelText": "Latiutude",
                      "id": "latitude",
                      "name": "latitude",
                      "onChange": [Function],
                      "validatorListener": [Function],
                      "validators": Array [
                        "required",
                      ],
                      "value": 37.0212334,
                    },
                    "ref": null,
                    "rendered": null,
                    "type": [Function],
                  },
                  Object {
                    "instance": null,
                    "key": undefined,
                    "nodeType": "host",
                    "props": Object {},
                    "ref": null,
                    "rendered": null,
                    "type": "br",
                  },
                  Object {
                    "instance": null,
                    "key": undefined,
                    "nodeType": "class",
                    "props": Object {
                      "errorMessages": Array [
                        "this field is required",
                      ],
                      "floatingLabelText": "Longitude",
                      "id": "longitude",
                      "name": "longitude",
                      "onChange": [Function],
                      "validatorListener": [Function],
                      "validators": Array [
                        "required",
                      ],
                      "value": -81.234235,
                    },
                    "ref": null,
                    "rendered": null,
                    "type": [Function],
                  },
                  Object {
                    "instance": null,
                    "key": undefined,
                    "nodeType": "host",
                    "props": Object {},
                    "ref": null,
                    "rendered": null,
                    "type": "br",
                  },
                  Object {
                    "instance": null,
                    "key": undefined,
                    "nodeType": "class",
                    "props": Object {
                      "disabled": false,
                      "fullWidth": false,
                      "label": "New Alarm",
                      "labelPosition": "after",
                      "name": "submitbutton",
                      "primary": false,
                      "secondary": false,
                      "type": "submit",
                    },
                    "ref": null,
                    "rendered": null,
                    "type": [Function],
                  },
                ],
                "type": [Function],
              },
            ],
            "type": "div",
          },
          Object {
            "instance": null,
            "key": undefined,
            "nodeType": "host",
            "props": Object {
              "children": <RaisedButton
                disabled={false}
                fullWidth={false}
                label="Update View"
                labelPosition="after"
                onClick={[Function]}
                primary={false}
                secondary={false}
/>,
              "className": "common-paper-button-wrapper",
            },
            "ref": null,
            "rendered": Object {
              "instance": null,
              "key": undefined,
              "nodeType": "class",
              "props": Object {
                "disabled": false,
                "fullWidth": false,
                "label": "Update View",
                "labelPosition": "after",
                "onClick": [Function],
                "primary": false,
                "secondary": false,
              },
              "ref": null,
              "rendered": null,
              "type": [Function],
            },
            "type": "div",
          },
        ],
        "type": [Function],
      },
      "type": "div",
    },
  ],
  Symbol(enzyme.__options__): Object {
    "adapter": ReactSixteenAdapter {
      "options": Object {
        "enableComponentDidUpdateOnSetState": true,
      },
    },
  },
}
`;
