// Jest Snapshot v1, https://goo.gl/fbAQLP

exports[`Header page should be rendered 1`] = `
ShallowWrapper {
  "length": 1,
  Symbol(enzyme.__root__): [Circular],
  Symbol(enzyme.__unrendered__): <Unknown
    app={
        Object {
            "loaded": true,
          }
    }
    user={
        Object {
            "loggedIn": true,
          }
    }
/>,
  Symbol(enzyme.__renderer__): Object {
    "batchedUpdates": [Function],
    "getNode": [Function],
    "render": [Function],
    "simulateEvent": [Function],
    "unmount": [Function],
  },
  Symbol(enzyme.__node__): Object {
    "instance": null,
    "key": undefined,
    "nodeType": "class",
    "props": Object {
      "iconElementRight": <MyNavLinks />,
      "showMenuIconButton": false,
      "style": Object {
        "background": "#393",
      },
      "title": "SEON",
      "zDepth": 1,
    },
    "ref": null,
    "rendered": null,
    "type": [Function],
  },
  Symbol(enzyme.__nodes__): Array [
    Object {
      "instance": null,
      "key": undefined,
      "nodeType": "class",
      "props": Object {
        "iconElementRight": <MyNavLinks />,
        "showMenuIconButton": false,
        "style": Object {
          "background": "#393",
        },
        "title": "SEON",
        "zDepth": 1,
      },
      "ref": null,
      "rendered": null,
      "type": [Function],
    },
  ],
  Symbol(enzyme.__options__): Object {
    "adapter": ReactSixteenAdapter {
      "options": Object {
        "enableComponentDidUpdateOnSetState": true,
      },
    },
  },
}
`;
