// Jest Snapshot v1, https://goo.gl/fbAQLP

exports[`Home page should be rendered 1`] = `
ShallowWrapper {
  "length": 1,
  Symbol(enzyme.__root__): [Circular],
  Symbol(enzyme.__unrendered__): <Home
    app={[Function]}
    user={[Function]}
/>,
  Symbol(enzyme.__renderer__): Object {
    "batchedUpdates": [Function],
    "getNode": [Function],
    "render": [Function],
    "simulateEvent": [Function],
    "unmount": [Function],
  },
  Symbol(enzyme.__node__): Object {
    "instance": null,
    "key": undefined,
    "nodeType": "host",
    "props": Object {
      "children": <Switch>
        <Route
                exact={true}
                path="/"
                render={[Function]}
        />
        <Route
                exact={true}
                path="/dashboard"
                render={[Function]}
        />
        <Route
                exact={true}
                path="/signup"
                render={[Function]}
        />
        <Route
                exact={true}
                path="/confirm"
                render={[Function]}
        />
        <Route
                exact={true}
                path="/verify"
                render={[Function]}
        />
        <Route
                exact={true}
                path="/login"
                render={[Function]}
        />
        <Route
                exact={true}
                path="/logout"
                render={[Function]}
        />
        <Route
                exact={true}
                path="/request_password_reset"
                render={[Function]}
        />
        <Route
                exact={true}
                path="/request_password_success"
                render={[Function]}
        />
        <Route
                exact={true}
                path="/reset_password"
                render={[Function]}
        />
        <Route
                exact={true}
                path="/reset_password_success"
                render={[Function]}
        />
        <Route
                exact={true}
                path="/account"
                render={[Function]}
        />
        <Route
                exact={true}
                path="/update_profile"
                render={[Function]}
        />
        <Route
                exact={true}
                path="/update_image"
                render={[Function]}
        />
</Switch>,
    },
    "ref": null,
    "rendered": Object {
      "instance": null,
      "key": undefined,
      "nodeType": "class",
      "props": Object {
        "children": Array [
          <Route
            exact={true}
            path="/"
            render={[Function]}
/>,
          <Route
            exact={true}
            path="/dashboard"
            render={[Function]}
/>,
          <Route
            exact={true}
            path="/signup"
            render={[Function]}
/>,
          <Route
            exact={true}
            path="/confirm"
            render={[Function]}
/>,
          <Route
            exact={true}
            path="/verify"
            render={[Function]}
/>,
          <Route
            exact={true}
            path="/login"
            render={[Function]}
/>,
          <Route
            exact={true}
            path="/logout"
            render={[Function]}
/>,
          <Route
            exact={true}
            path="/request_password_reset"
            render={[Function]}
/>,
          <Route
            exact={true}
            path="/request_password_success"
            render={[Function]}
/>,
          <Route
            exact={true}
            path="/reset_password"
            render={[Function]}
/>,
          <Route
            exact={true}
            path="/reset_password_success"
            render={[Function]}
/>,
          <Route
            exact={true}
            path="/account"
            render={[Function]}
/>,
          <Route
            exact={true}
            path="/update_profile"
            render={[Function]}
/>,
          <Route
            exact={true}
            path="/update_image"
            render={[Function]}
/>,
        ],
      },
      "ref": null,
      "rendered": Array [
        Object {
          "instance": null,
          "key": undefined,
          "nodeType": "class",
          "props": Object {
            "exact": true,
            "path": "/",
            "render": [Function],
          },
          "ref": null,
          "rendered": null,
          "type": [Function],
        },
        Object {
          "instance": null,
          "key": undefined,
          "nodeType": "class",
          "props": Object {
            "exact": true,
            "path": "/dashboard",
            "render": [Function],
          },
          "ref": null,
          "rendered": null,
          "type": [Function],
        },
        Object {
          "instance": null,
          "key": undefined,
          "nodeType": "class",
          "props": Object {
            "exact": true,
            "path": "/signup",
            "render": [Function],
          },
          "ref": null,
          "rendered": null,
          "type": [Function],
        },
        Object {
          "instance": null,
          "key": undefined,
          "nodeType": "class",
          "props": Object {
            "exact": true,
            "path": "/confirm",
            "render": [Function],
          },
          "ref": null,
          "rendered": null,
          "type": [Function],
        },
        Object {
          "instance": null,
          "key": undefined,
          "nodeType": "class",
          "props": Object {
            "exact": true,
            "path": "/verify",
            "render": [Function],
          },
          "ref": null,
          "rendered": null,
          "type": [Function],
        },
        Object {
          "instance": null,
          "key": undefined,
          "nodeType": "class",
          "props": Object {
            "exact": true,
            "path": "/login",
            "render": [Function],
          },
          "ref": null,
          "rendered": null,
          "type": [Function],
        },
        Object {
          "instance": null,
          "key": undefined,
          "nodeType": "class",
          "props": Object {
            "exact": true,
            "path": "/logout",
            "render": [Function],
          },
          "ref": null,
          "rendered": null,
          "type": [Function],
        },
        Object {
          "instance": null,
          "key": undefined,
          "nodeType": "class",
          "props": Object {
            "exact": true,
            "path": "/request_password_reset",
            "render": [Function],
          },
          "ref": null,
          "rendered": null,
          "type": [Function],
        },
        Object {
          "instance": null,
          "key": undefined,
          "nodeType": "class",
          "props": Object {
            "exact": true,
            "path": "/request_password_success",
            "render": [Function],
          },
          "ref": null,
          "rendered": null,
          "type": [Function],
        },
        Object {
          "instance": null,
          "key": undefined,
          "nodeType": "class",
          "props": Object {
            "exact": true,
            "path": "/reset_password",
            "render": [Function],
          },
          "ref": null,
          "rendered": null,
          "type": [Function],
        },
        Object {
          "instance": null,
          "key": undefined,
          "nodeType": "class",
          "props": Object {
            "exact": true,
            "path": "/reset_password_success",
            "render": [Function],
          },
          "ref": null,
          "rendered": null,
          "type": [Function],
        },
        Object {
          "instance": null,
          "key": undefined,
          "nodeType": "class",
          "props": Object {
            "exact": true,
            "path": "/account",
            "render": [Function],
          },
          "ref": null,
          "rendered": null,
          "type": [Function],
        },
        Object {
          "instance": null,
          "key": undefined,
          "nodeType": "class",
          "props": Object {
            "exact": true,
            "path": "/update_profile",
            "render": [Function],
          },
          "ref": null,
          "rendered": null,
          "type": [Function],
        },
        Object {
          "instance": null,
          "key": undefined,
          "nodeType": "class",
          "props": Object {
            "exact": true,
            "path": "/update_image",
            "render": [Function],
          },
          "ref": null,
          "rendered": null,
          "type": [Function],
        },
      ],
      "type": [Function],
    },
    "type": "div",
  },
  Symbol(enzyme.__nodes__): Array [
    Object {
      "instance": null,
      "key": undefined,
      "nodeType": "host",
      "props": Object {
        "children": <Switch>
          <Route
                    exact={true}
                    path="/"
                    render={[Function]}
          />
          <Route
                    exact={true}
                    path="/dashboard"
                    render={[Function]}
          />
          <Route
                    exact={true}
                    path="/signup"
                    render={[Function]}
          />
          <Route
                    exact={true}
                    path="/confirm"
                    render={[Function]}
          />
          <Route
                    exact={true}
                    path="/verify"
                    render={[Function]}
          />
          <Route
                    exact={true}
                    path="/login"
                    render={[Function]}
          />
          <Route
                    exact={true}
                    path="/logout"
                    render={[Function]}
          />
          <Route
                    exact={true}
                    path="/request_password_reset"
                    render={[Function]}
          />
          <Route
                    exact={true}
                    path="/request_password_success"
                    render={[Function]}
          />
          <Route
                    exact={true}
                    path="/reset_password"
                    render={[Function]}
          />
          <Route
                    exact={true}
                    path="/reset_password_success"
                    render={[Function]}
          />
          <Route
                    exact={true}
                    path="/account"
                    render={[Function]}
          />
          <Route
                    exact={true}
                    path="/update_profile"
                    render={[Function]}
          />
          <Route
                    exact={true}
                    path="/update_image"
                    render={[Function]}
          />
</Switch>,
      },
      "ref": null,
      "rendered": Object {
        "instance": null,
        "key": undefined,
        "nodeType": "class",
        "props": Object {
          "children": Array [
            <Route
              exact={true}
              path="/"
              render={[Function]}
/>,
            <Route
              exact={true}
              path="/dashboard"
              render={[Function]}
/>,
            <Route
              exact={true}
              path="/signup"
              render={[Function]}
/>,
            <Route
              exact={true}
              path="/confirm"
              render={[Function]}
/>,
            <Route
              exact={true}
              path="/verify"
              render={[Function]}
/>,
            <Route
              exact={true}
              path="/login"
              render={[Function]}
/>,
            <Route
              exact={true}
              path="/logout"
              render={[Function]}
/>,
            <Route
              exact={true}
              path="/request_password_reset"
              render={[Function]}
/>,
            <Route
              exact={true}
              path="/request_password_success"
              render={[Function]}
/>,
            <Route
              exact={true}
              path="/reset_password"
              render={[Function]}
/>,
            <Route
              exact={true}
              path="/reset_password_success"
              render={[Function]}
/>,
            <Route
              exact={true}
              path="/account"
              render={[Function]}
/>,
            <Route
              exact={true}
              path="/update_profile"
              render={[Function]}
/>,
            <Route
              exact={true}
              path="/update_image"
              render={[Function]}
/>,
          ],
        },
        "ref": null,
        "rendered": Array [
          Object {
            "instance": null,
            "key": undefined,
            "nodeType": "class",
            "props": Object {
              "exact": true,
              "path": "/",
              "render": [Function],
            },
            "ref": null,
            "rendered": null,
            "type": [Function],
          },
          Object {
            "instance": null,
            "key": undefined,
            "nodeType": "class",
            "props": Object {
              "exact": true,
              "path": "/dashboard",
              "render": [Function],
            },
            "ref": null,
            "rendered": null,
            "type": [Function],
          },
          Object {
            "instance": null,
            "key": undefined,
            "nodeType": "class",
            "props": Object {
              "exact": true,
              "path": "/signup",
              "render": [Function],
            },
            "ref": null,
            "rendered": null,
            "type": [Function],
          },
          Object {
            "instance": null,
            "key": undefined,
            "nodeType": "class",
            "props": Object {
              "exact": true,
              "path": "/confirm",
              "render": [Function],
            },
            "ref": null,
            "rendered": null,
            "type": [Function],
          },
          Object {
            "instance": null,
            "key": undefined,
            "nodeType": "class",
            "props": Object {
              "exact": true,
              "path": "/verify",
              "render": [Function],
            },
            "ref": null,
            "rendered": null,
            "type": [Function],
          },
          Object {
            "instance": null,
            "key": undefined,
            "nodeType": "class",
            "props": Object {
              "exact": true,
              "path": "/login",
              "render": [Function],
            },
            "ref": null,
            "rendered": null,
            "type": [Function],
          },
          Object {
            "instance": null,
            "key": undefined,
            "nodeType": "class",
            "props": Object {
              "exact": true,
              "path": "/logout",
              "render": [Function],
            },
            "ref": null,
            "rendered": null,
            "type": [Function],
          },
          Object {
            "instance": null,
            "key": undefined,
            "nodeType": "class",
            "props": Object {
              "exact": true,
              "path": "/request_password_reset",
              "render": [Function],
            },
            "ref": null,
            "rendered": null,
            "type": [Function],
          },
          Object {
            "instance": null,
            "key": undefined,
            "nodeType": "class",
            "props": Object {
              "exact": true,
              "path": "/request_password_success",
              "render": [Function],
            },
            "ref": null,
            "rendered": null,
            "type": [Function],
          },
          Object {
            "instance": null,
            "key": undefined,
            "nodeType": "class",
            "props": Object {
              "exact": true,
              "path": "/reset_password",
              "render": [Function],
            },
            "ref": null,
            "rendered": null,
            "type": [Function],
          },
          Object {
            "instance": null,
            "key": undefined,
            "nodeType": "class",
            "props": Object {
              "exact": true,
              "path": "/reset_password_success",
              "render": [Function],
            },
            "ref": null,
            "rendered": null,
            "type": [Function],
          },
          Object {
            "instance": null,
            "key": undefined,
            "nodeType": "class",
            "props": Object {
              "exact": true,
              "path": "/account",
              "render": [Function],
            },
            "ref": null,
            "rendered": null,
            "type": [Function],
          },
          Object {
            "instance": null,
            "key": undefined,
            "nodeType": "class",
            "props": Object {
              "exact": true,
              "path": "/update_profile",
              "render": [Function],
            },
            "ref": null,
            "rendered": null,
            "type": [Function],
          },
          Object {
            "instance": null,
            "key": undefined,
            "nodeType": "class",
            "props": Object {
              "exact": true,
              "path": "/update_image",
              "render": [Function],
            },
            "ref": null,
            "rendered": null,
            "type": [Function],
          },
        ],
        "type": [Function],
      },
      "type": "div",
    },
  ],
  Symbol(enzyme.__options__): Object {
    "adapter": ReactSixteenAdapter {
      "options": Object {
        "enableComponentDidUpdateOnSetState": true,
      },
    },
  },
}
`;
