// Jest Snapshot v1, https://goo.gl/fbAQLP

exports[`RequestPasswordReset page should be rendered 1`] = `
ShallowWrapper {
  "length": 1,
  Symbol(enzyme.__root__): [Circular],
  Symbol(enzyme.__unrendered__): <RequestPasswordReset
    history={
        Object {
            "push": [Function],
          }
    }
/>,
  Symbol(enzyme.__renderer__): Object {
    "batchedUpdates": [Function],
    "getNode": [Function],
    "render": [Function],
    "simulateEvent": [Function],
    "unmount": [Function],
  },
  Symbol(enzyme.__node__): Object {
    "instance": null,
    "key": undefined,
    "nodeType": "host",
    "props": Object {
      "children": <Paper
        circle={false}
        className="common-paper"
        rounded={true}
        transitionEnabled={true}
        zDepth={1}
>
        <ValidatorForm
                onError={[Function]}
                onSubmit={[Function]}
        >
                <h2>
                        Reset your Password
                </h2>
                <h3
                        className="hidden"
                        id="errorLabel"
                >
                         Email or password wrong
                </h3>
                <TextValidator
                        errorMessages={
                                Array [
                                        "this field is required",
                                      ]
                        }
                        floatingLabelText="Email"
                        id="email"
                        name="email"
                        onChange={[Function]}
                        validatorListener={[Function]}
                        validators={
                                Array [
                                        "required",
                                      ]
                        }
                        value=""
                />
                <br />
                <RaisedButton
                        disabled={false}
                        fullWidth={false}
                        label="Get a new password"
                        labelPosition="after"
                        primary={false}
                        secondary={false}
                        style={
                                Object {
                                        "marginBottom": "10px",
                                        "marginTop": "50px",
                                      }
                        }
                        type="submit"
                />
        </ValidatorForm>
</Paper>,
      "className": "container",
    },
    "ref": null,
    "rendered": Object {
      "instance": null,
      "key": undefined,
      "nodeType": "class",
      "props": Object {
        "children": <ValidatorForm
          onError={[Function]}
          onSubmit={[Function]}
>
          <h2>
                    Reset your Password
          </h2>
          <h3
                    className="hidden"
                    id="errorLabel"
          >
                     Email or password wrong
          </h3>
          <TextValidator
                    errorMessages={
                              Array [
                                        "this field is required",
                                      ]
                    }
                    floatingLabelText="Email"
                    id="email"
                    name="email"
                    onChange={[Function]}
                    validatorListener={[Function]}
                    validators={
                              Array [
                                        "required",
                                      ]
                    }
                    value=""
          />
          <br />
          <RaisedButton
                    disabled={false}
                    fullWidth={false}
                    label="Get a new password"
                    labelPosition="after"
                    primary={false}
                    secondary={false}
                    style={
                              Object {
                                        "marginBottom": "10px",
                                        "marginTop": "50px",
                                      }
                    }
                    type="submit"
          />
</ValidatorForm>,
        "circle": false,
        "className": "common-paper",
        "rounded": true,
        "transitionEnabled": true,
        "zDepth": 1,
      },
      "ref": null,
      "rendered": Object {
        "instance": null,
        "key": undefined,
        "nodeType": "class",
        "props": Object {
          "children": Array [
            <h2>
              Reset your Password
</h2>,
            <h3
              className="hidden"
              id="errorLabel"
>
               Email or password wrong
</h3>,
            <TextValidator
              errorMessages={
                            Array [
                                          "this field is required",
                                        ]
              }
              floatingLabelText="Email"
              id="email"
              name="email"
              onChange={[Function]}
              validatorListener={[Function]}
              validators={
                            Array [
                                          "required",
                                        ]
              }
              value=""
/>,
            <br />,
            <RaisedButton
              disabled={false}
              fullWidth={false}
              label="Get a new password"
              labelPosition="after"
              primary={false}
              secondary={false}
              style={
                            Object {
                                          "marginBottom": "10px",
                                          "marginTop": "50px",
                                        }
              }
              type="submit"
/>,
          ],
          "onError": [Function],
          "onSubmit": [Function],
        },
        "ref": "form",
        "rendered": Array [
          Object {
            "instance": null,
            "key": undefined,
            "nodeType": "host",
            "props": Object {
              "children": "Reset your Password",
            },
            "ref": null,
            "rendered": "Reset your Password",
            "type": "h2",
          },
          Object {
            "instance": null,
            "key": undefined,
            "nodeType": "host",
            "props": Object {
              "children": " Email or password wrong",
              "className": "hidden",
              "id": "errorLabel",
            },
            "ref": null,
            "rendered": " Email or password wrong",
            "type": "h3",
          },
          Object {
            "instance": null,
            "key": undefined,
            "nodeType": "class",
            "props": Object {
              "errorMessages": Array [
                "this field is required",
              ],
              "floatingLabelText": "Email",
              "id": "email",
              "name": "email",
              "onChange": [Function],
              "validatorListener": [Function],
              "validators": Array [
                "required",
              ],
              "value": "",
            },
            "ref": null,
            "rendered": null,
            "type": [Function],
          },
          Object {
            "instance": null,
            "key": undefined,
            "nodeType": "host",
            "props": Object {},
            "ref": null,
            "rendered": null,
            "type": "br",
          },
          Object {
            "instance": null,
            "key": undefined,
            "nodeType": "class",
            "props": Object {
              "disabled": false,
              "fullWidth": false,
              "label": "Get a new password",
              "labelPosition": "after",
              "primary": false,
              "secondary": false,
              "style": Object {
                "marginBottom": "10px",
                "marginTop": "50px",
              },
              "type": "submit",
            },
            "ref": null,
            "rendered": null,
            "type": [Function],
          },
        ],
        "type": [Function],
      },
      "type": [Function],
    },
    "type": "div",
  },
  Symbol(enzyme.__nodes__): Array [
    Object {
      "instance": null,
      "key": undefined,
      "nodeType": "host",
      "props": Object {
        "children": <Paper
          circle={false}
          className="common-paper"
          rounded={true}
          transitionEnabled={true}
          zDepth={1}
>
          <ValidatorForm
                    onError={[Function]}
                    onSubmit={[Function]}
          >
                    <h2>
                              Reset your Password
                    </h2>
                    <h3
                              className="hidden"
                              id="errorLabel"
                    >
                               Email or password wrong
                    </h3>
                    <TextValidator
                              errorMessages={
                                        Array [
                                                  "this field is required",
                                                ]
                              }
                              floatingLabelText="Email"
                              id="email"
                              name="email"
                              onChange={[Function]}
                              validatorListener={[Function]}
                              validators={
                                        Array [
                                                  "required",
                                                ]
                              }
                              value=""
                    />
                    <br />
                    <RaisedButton
                              disabled={false}
                              fullWidth={false}
                              label="Get a new password"
                              labelPosition="after"
                              primary={false}
                              secondary={false}
                              style={
                                        Object {
                                                  "marginBottom": "10px",
                                                  "marginTop": "50px",
                                                }
                              }
                              type="submit"
                    />
          </ValidatorForm>
</Paper>,
        "className": "container",
      },
      "ref": null,
      "rendered": Object {
        "instance": null,
        "key": undefined,
        "nodeType": "class",
        "props": Object {
          "children": <ValidatorForm
            onError={[Function]}
            onSubmit={[Function]}
>
            <h2>
                        Reset your Password
            </h2>
            <h3
                        className="hidden"
                        id="errorLabel"
            >
                         Email or password wrong
            </h3>
            <TextValidator
                        errorMessages={
                                    Array [
                                                "this field is required",
                                              ]
                        }
                        floatingLabelText="Email"
                        id="email"
                        name="email"
                        onChange={[Function]}
                        validatorListener={[Function]}
                        validators={
                                    Array [
                                                "required",
                                              ]
                        }
                        value=""
            />
            <br />
            <RaisedButton
                        disabled={false}
                        fullWidth={false}
                        label="Get a new password"
                        labelPosition="after"
                        primary={false}
                        secondary={false}
                        style={
                                    Object {
                                                "marginBottom": "10px",
                                                "marginTop": "50px",
                                              }
                        }
                        type="submit"
            />
</ValidatorForm>,
          "circle": false,
          "className": "common-paper",
          "rounded": true,
          "transitionEnabled": true,
          "zDepth": 1,
        },
        "ref": null,
        "rendered": Object {
          "instance": null,
          "key": undefined,
          "nodeType": "class",
          "props": Object {
            "children": Array [
              <h2>
                Reset your Password
</h2>,
              <h3
                className="hidden"
                id="errorLabel"
>
                 Email or password wrong
</h3>,
              <TextValidator
                errorMessages={
                                Array [
                                                "this field is required",
                                              ]
                }
                floatingLabelText="Email"
                id="email"
                name="email"
                onChange={[Function]}
                validatorListener={[Function]}
                validators={
                                Array [
                                                "required",
                                              ]
                }
                value=""
/>,
              <br />,
              <RaisedButton
                disabled={false}
                fullWidth={false}
                label="Get a new password"
                labelPosition="after"
                primary={false}
                secondary={false}
                style={
                                Object {
                                                "marginBottom": "10px",
                                                "marginTop": "50px",
                                              }
                }
                type="submit"
/>,
            ],
            "onError": [Function],
            "onSubmit": [Function],
          },
          "ref": "form",
          "rendered": Array [
            Object {
              "instance": null,
              "key": undefined,
              "nodeType": "host",
              "props": Object {
                "children": "Reset your Password",
              },
              "ref": null,
              "rendered": "Reset your Password",
              "type": "h2",
            },
            Object {
              "instance": null,
              "key": undefined,
              "nodeType": "host",
              "props": Object {
                "children": " Email or password wrong",
                "className": "hidden",
                "id": "errorLabel",
              },
              "ref": null,
              "rendered": " Email or password wrong",
              "type": "h3",
            },
            Object {
              "instance": null,
              "key": undefined,
              "nodeType": "class",
              "props": Object {
                "errorMessages": Array [
                  "this field is required",
                ],
                "floatingLabelText": "Email",
                "id": "email",
                "name": "email",
                "onChange": [Function],
                "validatorListener": [Function],
                "validators": Array [
                  "required",
                ],
                "value": "",
              },
              "ref": null,
              "rendered": null,
              "type": [Function],
            },
            Object {
              "instance": null,
              "key": undefined,
              "nodeType": "host",
              "props": Object {},
              "ref": null,
              "rendered": null,
              "type": "br",
            },
            Object {
              "instance": null,
              "key": undefined,
              "nodeType": "class",
              "props": Object {
                "disabled": false,
                "fullWidth": false,
                "label": "Get a new password",
                "labelPosition": "after",
                "primary": false,
                "secondary": false,
                "style": Object {
                  "marginBottom": "10px",
                  "marginTop": "50px",
                },
                "type": "submit",
              },
              "ref": null,
              "rendered": null,
              "type": [Function],
            },
          ],
          "type": [Function],
        },
        "type": [Function],
      },
      "type": "div",
    },
  ],
  Symbol(enzyme.__options__): Object {
    "adapter": ReactSixteenAdapter {
      "options": Object {
        "enableComponentDidUpdateOnSetState": true,
      },
    },
  },
}
`;
