// Jest Snapshot v1, https://goo.gl/fbAQLP

exports[`RequestPasswordReset page should be rendered 1`] = `
ShallowWrapper {
  "length": 1,
  Symbol(enzyme.__root__): [Circular],
  Symbol(enzyme.__unrendered__): <Unknown />,
  Symbol(enzyme.__renderer__): Object {
    "batchedUpdates": [Function],
    "getNode": [Function],
    "render": [Function],
    "simulateEvent": [Function],
    "unmount": [Function],
  },
  Symbol(enzyme.__node__): Object {
    "instance": null,
    "key": undefined,
    "nodeType": "host",
    "props": Object {
      "children": <Paper
        circle={false}
        className="common-paper"
        rounded={true}
        transitionEnabled={true}
        zDepth={1}
>
        <h1>
                You are updated your password
        </h1>
        <p>
                <Link
                        replace={false}
                        to="/login"
                >
                        Login
                </Link>
                  here now.
        </p>
</Paper>,
      "className": "container",
    },
    "ref": null,
    "rendered": Object {
      "instance": null,
      "key": undefined,
      "nodeType": "class",
      "props": Object {
        "children": Array [
          <h1>
            You are updated your password
</h1>,
          <p>
            <Link
                        replace={false}
                        to="/login"
            >
                        Login
            </Link>
              here now.
</p>,
        ],
        "circle": false,
        "className": "common-paper",
        "rounded": true,
        "transitionEnabled": true,
        "zDepth": 1,
      },
      "ref": null,
      "rendered": Array [
        Object {
          "instance": null,
          "key": undefined,
          "nodeType": "host",
          "props": Object {
            "children": "You are updated your password",
          },
          "ref": null,
          "rendered": "You are updated your password",
          "type": "h1",
        },
        Object {
          "instance": null,
          "key": undefined,
          "nodeType": "host",
          "props": Object {
            "children": Array [
              <Link
                replace={false}
                to="/login"
>
                Login
</Link>,
              "  here now.",
            ],
          },
          "ref": null,
          "rendered": Array [
            Object {
              "instance": null,
              "key": undefined,
              "nodeType": "class",
              "props": Object {
                "children": "Login",
                "replace": false,
                "to": "/login",
              },
              "ref": null,
              "rendered": "Login",
              "type": [Function],
            },
            "  here now.",
          ],
          "type": "p",
        },
      ],
      "type": [Function],
    },
    "type": "div",
  },
  Symbol(enzyme.__nodes__): Array [
    Object {
      "instance": null,
      "key": undefined,
      "nodeType": "host",
      "props": Object {
        "children": <Paper
          circle={false}
          className="common-paper"
          rounded={true}
          transitionEnabled={true}
          zDepth={1}
>
          <h1>
                    You are updated your password
          </h1>
          <p>
                    <Link
                              replace={false}
                              to="/login"
                    >
                              Login
                    </Link>
                      here now.
          </p>
</Paper>,
        "className": "container",
      },
      "ref": null,
      "rendered": Object {
        "instance": null,
        "key": undefined,
        "nodeType": "class",
        "props": Object {
          "children": Array [
            <h1>
              You are updated your password
</h1>,
            <p>
              <Link
                            replace={false}
                            to="/login"
              >
                            Login
              </Link>
                here now.
</p>,
          ],
          "circle": false,
          "className": "common-paper",
          "rounded": true,
          "transitionEnabled": true,
          "zDepth": 1,
        },
        "ref": null,
        "rendered": Array [
          Object {
            "instance": null,
            "key": undefined,
            "nodeType": "host",
            "props": Object {
              "children": "You are updated your password",
            },
            "ref": null,
            "rendered": "You are updated your password",
            "type": "h1",
          },
          Object {
            "instance": null,
            "key": undefined,
            "nodeType": "host",
            "props": Object {
              "children": Array [
                <Link
                  replace={false}
                  to="/login"
>
                  Login
</Link>,
                "  here now.",
              ],
            },
            "ref": null,
            "rendered": Array [
              Object {
                "instance": null,
                "key": undefined,
                "nodeType": "class",
                "props": Object {
                  "children": "Login",
                  "replace": false,
                  "to": "/login",
                },
                "ref": null,
                "rendered": "Login",
                "type": [Function],
              },
              "  here now.",
            ],
            "type": "p",
          },
        ],
        "type": [Function],
      },
      "type": "div",
    },
  ],
  Symbol(enzyme.__options__): Object {
    "adapter": ReactSixteenAdapter {
      "options": Object {
        "enableComponentDidUpdateOnSetState": true,
      },
    },
  },
}
`;
