// Jest Snapshot v1, https://goo.gl/fbAQLP

exports[`should render SignOut page correctly 1`] = `
ShallowWrapper {
  "length": 1,
  Symbol(enzyme.__root__): [Circular],
  Symbol(enzyme.__unrendered__): <SignOut
    history={
        Object {
            "push": [Function],
          }
    }
/>,
  Symbol(enzyme.__renderer__): Object {
    "batchedUpdates": [Function],
    "getNode": [Function],
    "render": [Function],
    "simulateEvent": [Function],
    "unmount": [Function],
  },
  Symbol(enzyme.__node__): Object {
    "instance": null,
    "key": undefined,
    "nodeType": "host",
    "props": Object {
      "children": <Paper
        circle={false}
        className="common-paper"
        rounded={true}
        transitionEnabled={true}
        zDepth={1}
>
        <h1>
                You are logged out
        </h1>
        <p>
                <Link
                        replace={false}
                        to="/login"
                >
                        Login
                </Link>
                 here if you want to go back.
        </p>
</Paper>,
      "className": "container",
    },
    "ref": null,
    "rendered": Object {
      "instance": null,
      "key": undefined,
      "nodeType": "class",
      "props": Object {
        "children": Array [
          <h1>
            You are logged out
</h1>,
          <p>
            <Link
                        replace={false}
                        to="/login"
            >
                        Login
            </Link>
             here if you want to go back.
</p>,
        ],
        "circle": false,
        "className": "common-paper",
        "rounded": true,
        "transitionEnabled": true,
        "zDepth": 1,
      },
      "ref": null,
      "rendered": Array [
        Object {
          "instance": null,
          "key": undefined,
          "nodeType": "host",
          "props": Object {
            "children": "You are logged out",
          },
          "ref": null,
          "rendered": "You are logged out",
          "type": "h1",
        },
        Object {
          "instance": null,
          "key": undefined,
          "nodeType": "host",
          "props": Object {
            "children": Array [
              <Link
                replace={false}
                to="/login"
>
                Login
</Link>,
              " here if you want to go back.",
            ],
          },
          "ref": null,
          "rendered": Array [
            Object {
              "instance": null,
              "key": undefined,
              "nodeType": "class",
              "props": Object {
                "children": "Login",
                "replace": false,
                "to": "/login",
              },
              "ref": null,
              "rendered": "Login",
              "type": [Function],
            },
            " here if you want to go back.",
          ],
          "type": "p",
        },
      ],
      "type": [Function],
    },
    "type": "div",
  },
  Symbol(enzyme.__nodes__): Array [
    Object {
      "instance": null,
      "key": undefined,
      "nodeType": "host",
      "props": Object {
        "children": <Paper
          circle={false}
          className="common-paper"
          rounded={true}
          transitionEnabled={true}
          zDepth={1}
>
          <h1>
                    You are logged out
          </h1>
          <p>
                    <Link
                              replace={false}
                              to="/login"
                    >
                              Login
                    </Link>
                     here if you want to go back.
          </p>
</Paper>,
        "className": "container",
      },
      "ref": null,
      "rendered": Object {
        "instance": null,
        "key": undefined,
        "nodeType": "class",
        "props": Object {
          "children": Array [
            <h1>
              You are logged out
</h1>,
            <p>
              <Link
                            replace={false}
                            to="/login"
              >
                            Login
              </Link>
               here if you want to go back.
</p>,
          ],
          "circle": false,
          "className": "common-paper",
          "rounded": true,
          "transitionEnabled": true,
          "zDepth": 1,
        },
        "ref": null,
        "rendered": Array [
          Object {
            "instance": null,
            "key": undefined,
            "nodeType": "host",
            "props": Object {
              "children": "You are logged out",
            },
            "ref": null,
            "rendered": "You are logged out",
            "type": "h1",
          },
          Object {
            "instance": null,
            "key": undefined,
            "nodeType": "host",
            "props": Object {
              "children": Array [
                <Link
                  replace={false}
                  to="/login"
>
                  Login
</Link>,
                " here if you want to go back.",
              ],
            },
            "ref": null,
            "rendered": Array [
              Object {
                "instance": null,
                "key": undefined,
                "nodeType": "class",
                "props": Object {
                  "children": "Login",
                  "replace": false,
                  "to": "/login",
                },
                "ref": null,
                "rendered": "Login",
                "type": [Function],
              },
              " here if you want to go back.",
            ],
            "type": "p",
          },
        ],
        "type": [Function],
      },
      "type": "div",
    },
  ],
  Symbol(enzyme.__options__): Object {
    "adapter": ReactSixteenAdapter {
      "options": Object {
        "enableComponentDidUpdateOnSetState": true,
      },
    },
  },
}
`;
