// Jest Snapshot v1, https://goo.gl/fbAQLP

exports[`VerifyEmail page should be rendered 1`] = `
ShallowWrapper {
  "length": 1,
  Symbol(enzyme.__root__): [Circular],
  Symbol(enzyme.__unrendered__): <Unknown />,
  Symbol(enzyme.__renderer__): Object {
    "batchedUpdates": [Function],
    "getNode": [Function],
    "render": [Function],
    "simulateEvent": [Function],
    "unmount": [Function],
  },
  Symbol(enzyme.__node__): Object {
    "instance": null,
    "key": undefined,
    "nodeType": "host",
    "props": Object {
      "children": <Paper
        circle={false}
        className="common-paper"
        rounded={true}
        transitionEnabled={true}
        zDepth={1}
>
        We just sent you an email with a verification code.
        <br />
        <b>
                Please check your inbox.
        </b>
</Paper>,
      "className": "container",
    },
    "ref": null,
    "rendered": Object {
      "instance": null,
      "key": undefined,
      "nodeType": "class",
      "props": Object {
        "children": Array [
          "We just sent you an email with a verification code.",
          <br />,
          <b>
            Please check your inbox.
</b>,
        ],
        "circle": false,
        "className": "common-paper",
        "rounded": true,
        "transitionEnabled": true,
        "zDepth": 1,
      },
      "ref": null,
      "rendered": Array [
        "We just sent you an email with a verification code.",
        Object {
          "instance": null,
          "key": undefined,
          "nodeType": "host",
          "props": Object {},
          "ref": null,
          "rendered": null,
          "type": "br",
        },
        Object {
          "instance": null,
          "key": undefined,
          "nodeType": "host",
          "props": Object {
            "children": "Please check your inbox.",
          },
          "ref": null,
          "rendered": "Please check your inbox.",
          "type": "b",
        },
      ],
      "type": [Function],
    },
    "type": "div",
  },
  Symbol(enzyme.__nodes__): Array [
    Object {
      "instance": null,
      "key": undefined,
      "nodeType": "host",
      "props": Object {
        "children": <Paper
          circle={false}
          className="common-paper"
          rounded={true}
          transitionEnabled={true}
          zDepth={1}
>
          We just sent you an email with a verification code.
          <br />
          <b>
                    Please check your inbox.
          </b>
</Paper>,
        "className": "container",
      },
      "ref": null,
      "rendered": Object {
        "instance": null,
        "key": undefined,
        "nodeType": "class",
        "props": Object {
          "children": Array [
            "We just sent you an email with a verification code.",
            <br />,
            <b>
              Please check your inbox.
</b>,
          ],
          "circle": false,
          "className": "common-paper",
          "rounded": true,
          "transitionEnabled": true,
          "zDepth": 1,
        },
        "ref": null,
        "rendered": Array [
          "We just sent you an email with a verification code.",
          Object {
            "instance": null,
            "key": undefined,
            "nodeType": "host",
            "props": Object {},
            "ref": null,
            "rendered": null,
            "type": "br",
          },
          Object {
            "instance": null,
            "key": undefined,
            "nodeType": "host",
            "props": Object {
              "children": "Please check your inbox.",
            },
            "ref": null,
            "rendered": "Please check your inbox.",
            "type": "b",
          },
        ],
        "type": [Function],
      },
      "type": "div",
    },
  ],
  Symbol(enzyme.__options__): Object {
    "adapter": ReactSixteenAdapter {
      "options": Object {
        "enableComponentDidUpdateOnSetState": true,
      },
    },
  },
}
`;
